2025-01-07 01:33:34,303 - INFO - Successfully loaded entity_df from ./indexing/output/20250102-202128/artifacts/create_final_nodes.parquet
2025-01-07 01:33:34,304 - WARNING - No matching file found for relationship_df in ./indexing/output/20250102-202128/artifacts. Initializing as an empty DataFrame.
2025-01-07 01:33:34,307 - INFO - Successfully loaded text_unit_df from ./indexing/output/20250102-202128/artifacts/create_final_text_units.parquet
2025-01-07 01:33:34,307 - WARNING - No matching file found for report_df in ./indexing/output/20250102-202128/artifacts. Initializing as an empty DataFrame.
2025-01-07 01:33:34,307 - WARNING - No matching file found for covariate_df in ./indexing/output/20250102-202128/artifacts. Initializing as an empty DataFrame.
2025-01-07 01:33:34,312 - INFO - Fetching models...
2025-01-07 01:33:34,316 - INFO - Raw API response: <!DOCTYPE HTML>
<html lang="en">
    <head>
        <meta charset="utf-8">
        <title>Error response</title>
    </head>
    <body>
        <h1>Error response</h1>
        <p>Error code: 501</p>
        <p>Message: Unsupported method ('GET').</p>
        <p>Error code explanation: 501 - Server does not support this operation.</p>
    </body>
</html>

2025-01-07 01:33:34,316 - ERROR - Error fetching openai_chat models. Status code: 501, Response: <!DOCTYPE HTML>
<html lang="en">
    <head>
        <meta charset="utf-8">
        <title>Error response</title>
    </head>
    <body>
        <h1>Error response</h1>
        <p>Error code: 501</p>
        <p>Message: Unsupported method ('GET').</p>
        <p>Error code explanation: 501 - Server does not support this operation.</p>
    </body>
</html>

2025-01-07 01:33:34,817 - INFO - Successfully loaded entity_df from ./indexing/output/20250102-202128/artifacts/create_final_nodes.parquet
2025-01-07 01:33:34,817 - WARNING - No matching file found for relationship_df in ./indexing/output/20250102-202128/artifacts. Initializing as an empty DataFrame.
2025-01-07 01:33:34,820 - INFO - Successfully loaded text_unit_df from ./indexing/output/20250102-202128/artifacts/create_final_text_units.parquet
2025-01-07 01:33:34,820 - WARNING - No matching file found for report_df in ./indexing/output/20250102-202128/artifacts. Initializing as an empty DataFrame.
2025-01-07 01:33:34,820 - WARNING - No matching file found for covariate_df in ./indexing/output/20250102-202128/artifacts. Initializing as an empty DataFrame.
2025-01-07 01:33:34,894 - INFO - HTTP Request: GET http://127.0.0.1:7860/gradio_api/startup-events "HTTP/1.1 200 OK"
2025-01-07 01:33:34,916 - INFO - HTTP Request: HEAD http://127.0.0.1:7860/ "HTTP/1.1 200 OK"
2025-01-07 01:33:35,523 - INFO - HTTP Request: GET https://api.gradio.app/pkg-version "HTTP/1.1 200 OK"
2025-01-07 01:33:35,691 - INFO - HTTP Request: GET https://api.gradio.app/v3/tunnel-request "HTTP/1.1 200 OK"
2025-01-07 01:34:06,957 - INFO - Executing direct chat with model: RAG
2025-01-07 01:34:06,957 - INFO - Sending chat request to http://localhost:8004/v1 with model RAG
2025-01-07 01:35:17,531 - INFO - HTTP Request: POST http://localhost:8004/v1/chat/completions "HTTP/1.0 200 OK"
2025-01-07 01:35:17,537 - INFO - Direct chat result: # 甲烷到甲醇转化的绿色高效高选择性催化剂设计计划

## 步骤1：理解基础机制和文献回顾
Shilov 提出的通过氧化耐受复合物进行亲电活化的机制对于理解甲烷活化至关重要。这一机制是设计新型高效且选...
2025-01-07 01:36:17,277 - INFO - Successfully loaded entity_df from ./indexing/output/20250102-202128/artifacts/create_final_nodes.parquet
2025-01-07 01:36:17,277 - WARNING - No matching file found for relationship_df in ./indexing/output/20250102-202128/artifacts. Initializing as an empty DataFrame.
2025-01-07 01:36:17,280 - INFO - Successfully loaded text_unit_df from ./indexing/output/20250102-202128/artifacts/create_final_text_units.parquet
2025-01-07 01:36:17,280 - WARNING - No matching file found for report_df in ./indexing/output/20250102-202128/artifacts. Initializing as an empty DataFrame.
2025-01-07 01:36:17,281 - WARNING - No matching file found for covariate_df in ./indexing/output/20250102-202128/artifacts. Initializing as an empty DataFrame.
2025-01-07 01:36:17,286 - INFO - Fetching models...
2025-01-07 01:36:17,288 - INFO - Raw API response: <!DOCTYPE HTML>
<html lang="en">
    <head>
        <meta charset="utf-8">
        <title>Error response</title>
    </head>
    <body>
        <h1>Error response</h1>
        <p>Error code: 501</p>
        <p>Message: Unsupported method ('GET').</p>
        <p>Error code explanation: 501 - Server does not support this operation.</p>
    </body>
</html>

2025-01-07 01:36:17,288 - ERROR - Error fetching openai_chat models. Status code: 501, Response: <!DOCTYPE HTML>
<html lang="en">
    <head>
        <meta charset="utf-8">
        <title>Error response</title>
    </head>
    <body>
        <h1>Error response</h1>
        <p>Error code: 501</p>
        <p>Message: Unsupported method ('GET').</p>
        <p>Error code explanation: 501 - Server does not support this operation.</p>
    </body>
</html>

2025-01-07 01:36:17,754 - INFO - Successfully loaded entity_df from ./indexing/output/20250102-202128/artifacts/create_final_nodes.parquet
2025-01-07 01:36:17,754 - WARNING - No matching file found for relationship_df in ./indexing/output/20250102-202128/artifacts. Initializing as an empty DataFrame.
2025-01-07 01:36:17,757 - INFO - Successfully loaded text_unit_df from ./indexing/output/20250102-202128/artifacts/create_final_text_units.parquet
2025-01-07 01:36:17,757 - WARNING - No matching file found for report_df in ./indexing/output/20250102-202128/artifacts. Initializing as an empty DataFrame.
2025-01-07 01:36:17,757 - WARNING - No matching file found for covariate_df in ./indexing/output/20250102-202128/artifacts. Initializing as an empty DataFrame.
2025-01-07 01:36:17,831 - INFO - HTTP Request: GET http://127.0.0.1:7860/gradio_api/startup-events "HTTP/1.1 200 OK"
2025-01-07 01:36:17,854 - INFO - HTTP Request: HEAD http://127.0.0.1:7860/ "HTTP/1.1 200 OK"
2025-01-07 01:36:18,365 - INFO - HTTP Request: GET https://api.gradio.app/pkg-version "HTTP/1.1 200 OK"
2025-01-07 01:36:18,655 - INFO - HTTP Request: GET https://api.gradio.app/v3/tunnel-request "HTTP/1.1 200 OK"
2025-01-07 01:37:04,200 - ERROR - An error occurred: No folder selected. Please select an output folder before querying.
2025-01-07 01:37:04,200 - ERROR - Exception details:
Traceback (most recent call last):
  File "/mnt/nvme0n1/GraphRAG-Local/GraphRAG-Local-UI-main/app.py", line 395, in send_message
    cli_args = construct_cli_args(query_type, preset, community_level, response_type, custom_cli_args, query, selected_folder)
               ^^^^^^^^^^^^^^^^^^^^^^^^^^^^^^^^^^^^^^^^^^^^^^^^^^^^^^^^^^^^^^^^^^^^^^^^^^^^^^^^^^^^^^^^^^^^^^^^^^^^^^^^^^^^^^^
  File "/mnt/nvme0n1/GraphRAG-Local/GraphRAG-Local-UI-main/app.py", line 425, in construct_cli_args
    raise ValueError("No folder selected. Please select an output folder before querying.")
ValueError: No folder selected. Please select an output folder before querying.
2025-01-07 01:37:10,415 - INFO - Executing direct chat with model: RAG
2025-01-07 01:37:10,416 - INFO - Sending chat request to http://localhost:8004/v1 with model RAG
2025-01-07 01:38:18,190 - INFO - HTTP Request: POST http://localhost:8004/v1/chat/completions "HTTP/1.0 200 OK"
2025-01-07 01:38:18,197 - INFO - Direct chat result: # 甲烷到甲醇转化的绿色高效高选择性催化剂设计计划

## 基础研究和催化剂选择
甲烷到甲醇转化的绿色高效高选择性催化剂的设计始于对Shilov及其同事所做基础研究的深入了解。他们关于氧化耐受复合物的...
2025-01-07 01:39:58,346 - INFO - Executing direct chat with model: RAG
2025-01-07 01:39:58,347 - INFO - Sending chat request to http://localhost:8004/v1 with model RAG
2025-01-07 01:40:05,561 - INFO - HTTP Request: POST http://localhost:8004/v1/chat/completions "HTTP/1.0 200 OK"
2025-01-07 01:40:05,562 - INFO - Direct chat result: 对不起，我无法提供那个问题的答案。...
2025-01-07 01:41:08,578 - INFO - Executing direct chat with model: RAG
2025-01-07 01:41:08,579 - INFO - Sending chat request to http://localhost:8004/v1 with model RAG
2025-01-07 01:41:59,061 - INFO - HTTP Request: POST http://localhost:8004/v1/chat/completions "HTTP/1.0 200 OK"
2025-01-07 01:41:59,062 - INFO - Direct chat result: ### 甲烷氧化制甲醇的绿色高效高选择性催化剂设计计划

#### 第一步：催化剂设计基础

为了设计一种绿色、高效且高选择性的甲烷氧化制甲醇的催化剂，从Shilov及其同事以及Jones等人、Var...
2025-01-07 01:45:01,711 - ERROR - An error occurred: No folder selected. Please select an output folder before querying.
2025-01-07 01:45:01,711 - ERROR - Exception details:
Traceback (most recent call last):
  File "/mnt/nvme0n1/GraphRAG-Local/GraphRAG-Local-UI-main/app.py", line 395, in send_message
    cli_args = construct_cli_args(query_type, preset, community_level, response_type, custom_cli_args, query, selected_folder)
               ^^^^^^^^^^^^^^^^^^^^^^^^^^^^^^^^^^^^^^^^^^^^^^^^^^^^^^^^^^^^^^^^^^^^^^^^^^^^^^^^^^^^^^^^^^^^^^^^^^^^^^^^^^^^^^^
  File "/mnt/nvme0n1/GraphRAG-Local/GraphRAG-Local-UI-main/app.py", line 425, in construct_cli_args
    raise ValueError("No folder selected. Please select an output folder before querying.")
ValueError: No folder selected. Please select an output folder before querying.
2025-01-07 01:45:09,141 - INFO - Executing direct chat with model: RAG
2025-01-07 01:45:09,141 - INFO - Sending chat request to http://localhost:8004/v1 with model RAG
2025-01-07 01:46:10,870 - INFO - HTTP Request: POST http://localhost:8004/v1/chat/completions "HTTP/1.0 200 OK"
2025-01-07 01:46:10,872 - INFO - Direct chat result: # 甲烷氧化制甲醇的绿色高效高选择性催化剂设计计划

## 步骤1：理解基础机制
甲烷氧化制甲醇的绿色高效高选择性催化剂的设计始于对Shilov工作的深入理解，他率先通过氧化耐受复合物实现了甲烷的亲电...
2025-01-07 01:48:37,626 - INFO - Executing direct chat with model: RAG
2025-01-07 01:48:37,626 - INFO - Sending chat request to http://localhost:8004/v1 with model RAG
2025-01-07 01:49:07,002 - INFO - HTTP Request: POST http://localhost:8004/v1/chat/completions "HTTP/1.0 200 OK"
2025-01-07 01:49:07,004 - INFO - Direct chat result: ### 修改Au-Pd纳米粒子以实现甲烷选择性氧化的有效实施路径概要

根据催化社区和多位分析师提供的研究，有三种显著且有效的具体实施路径来修改Au-Pd纳米粒子，以实现甲烷的选择性氧化：

1. *...
2025-01-07 20:16:07,115 - INFO - Successfully loaded entity_df from ./indexing/output/20250102-202128/artifacts/create_final_nodes.parquet
2025-01-07 20:16:07,116 - WARNING - No matching file found for relationship_df in ./indexing/output/20250102-202128/artifacts. Initializing as an empty DataFrame.
2025-01-07 20:16:07,119 - INFO - Successfully loaded text_unit_df from ./indexing/output/20250102-202128/artifacts/create_final_text_units.parquet
2025-01-07 20:16:07,119 - WARNING - No matching file found for report_df in ./indexing/output/20250102-202128/artifacts. Initializing as an empty DataFrame.
2025-01-07 20:16:07,120 - WARNING - No matching file found for covariate_df in ./indexing/output/20250102-202128/artifacts. Initializing as an empty DataFrame.
2025-01-07 20:16:07,124 - INFO - Fetching models...
2025-01-07 20:16:07,126 - ERROR - Exception while fetching openai_chat models: HTTPConnectionPool(host='localhost', port=8004): Max retries exceeded with url: /v1/models (Caused by NewConnectionError('<urllib3.connection.HTTPConnection object at 0x71cb43ce35d0>: Failed to establish a new connection: [Errno 111] Connection refused'))
2025-01-07 20:16:07,602 - INFO - Successfully loaded entity_df from ./indexing/output/20250102-202128/artifacts/create_final_nodes.parquet
2025-01-07 20:16:07,602 - WARNING - No matching file found for relationship_df in ./indexing/output/20250102-202128/artifacts. Initializing as an empty DataFrame.
2025-01-07 20:16:07,605 - INFO - Successfully loaded text_unit_df from ./indexing/output/20250102-202128/artifacts/create_final_text_units.parquet
2025-01-07 20:16:07,605 - WARNING - No matching file found for report_df in ./indexing/output/20250102-202128/artifacts. Initializing as an empty DataFrame.
2025-01-07 20:16:07,605 - WARNING - No matching file found for covariate_df in ./indexing/output/20250102-202128/artifacts. Initializing as an empty DataFrame.
2025-01-07 20:16:07,678 - INFO - HTTP Request: GET http://127.0.0.1:7860/gradio_api/startup-events "HTTP/1.1 200 OK"
2025-01-07 20:16:07,700 - INFO - HTTP Request: HEAD http://127.0.0.1:7860/ "HTTP/1.1 200 OK"
2025-01-07 20:16:08,036 - INFO - HTTP Request: GET https://api.gradio.app/pkg-version "HTTP/1.1 200 OK"
2025-01-07 20:16:08,543 - INFO - HTTP Request: GET https://api.gradio.app/v3/tunnel-request "HTTP/1.1 200 OK"
2025-01-07 22:00:28,999 - ERROR - An error occurred: No folder selected. Please select an output folder before querying.
2025-01-07 22:00:28,999 - ERROR - Exception details:
Traceback (most recent call last):
  File "/mnt/nvme0n1/GraphRAG-Local/GraphRAG-Local-UI-main/app.py", line 395, in send_message
    cli_args = construct_cli_args(query_type, preset, community_level, response_type, custom_cli_args, query, selected_folder)
               ^^^^^^^^^^^^^^^^^^^^^^^^^^^^^^^^^^^^^^^^^^^^^^^^^^^^^^^^^^^^^^^^^^^^^^^^^^^^^^^^^^^^^^^^^^^^^^^^^^^^^^^^^^^^^^^
  File "/mnt/nvme0n1/GraphRAG-Local/GraphRAG-Local-UI-main/app.py", line 425, in construct_cli_args
    raise ValueError("No folder selected. Please select an output folder before querying.")
ValueError: No folder selected. Please select an output folder before querying.
2025-01-07 22:00:54,834 - ERROR - An error occurred: No folder selected. Please select an output folder before querying.
2025-01-07 22:00:54,835 - ERROR - Exception details:
Traceback (most recent call last):
  File "/mnt/nvme0n1/GraphRAG-Local/GraphRAG-Local-UI-main/app.py", line 395, in send_message
    cli_args = construct_cli_args(query_type, preset, community_level, response_type, custom_cli_args, query, selected_folder)
               ^^^^^^^^^^^^^^^^^^^^^^^^^^^^^^^^^^^^^^^^^^^^^^^^^^^^^^^^^^^^^^^^^^^^^^^^^^^^^^^^^^^^^^^^^^^^^^^^^^^^^^^^^^^^^^^
  File "/mnt/nvme0n1/GraphRAG-Local/GraphRAG-Local-UI-main/app.py", line 425, in construct_cli_args
    raise ValueError("No folder selected. Please select an output folder before querying.")
ValueError: No folder selected. Please select an output folder before querying.
2025-01-07 22:01:16,917 - INFO - Executing direct chat with model: RAG
2025-01-07 22:01:16,917 - INFO - Sending chat request to http://localhost:8004/v1 with model RAG
2025-01-07 22:01:42,078 - INFO - HTTP Request: POST http://localhost:8004/v1/chat/completions "HTTP/1.0 200 OK"
2025-01-07 22:01:42,082 - INFO - Direct chat result: 甲烷氧化研究社区的主要工作集中在使用各种催化剂将甲烷转化为甲醇和其他有价值的产物。该领域的关键贡献者包括Shilov等研究人员和Sen及其同事、Kalucki及其同事等组织。这些实体在催化剂设计和提高...
2025-01-07 22:11:36,012 - INFO - Executing direct chat with model: RAG
2025-01-07 22:11:36,012 - INFO - Sending chat request to http://localhost:8004/v1 with model RAG
2025-01-07 22:12:36,896 - INFO - HTTP Request: POST http://localhost:8004/v1/chat/completions "HTTP/1.0 200 OK"
2025-01-07 22:12:36,897 - INFO - Direct chat result: # 甲烷氧化研究综述

## 引言和关键影响者
甲烷氧化研究社区受到Shilov开创性工作的显著影响，他为甲烷的亲电活化研究奠定了基础，使用耐氧化复合物。他的贡献是开创性的，对Jones等人、Varg...
2025-01-07 22:15:21,097 - INFO - Executing direct chat with model: RAG
2025-01-07 22:15:21,097 - INFO - Sending chat request to http://localhost:8004/v1 with model RAG
2025-01-07 22:15:45,512 - INFO - HTTP Request: POST http://localhost:8004/v1/chat/completions "HTTP/1.0 200 OK"
2025-01-07 22:15:45,513 - INFO - Direct chat result: ### 甲烷选择性氧化的设计方案

甲烷选择性氧化的主要设计方案集中于利用Au-Pd纳米粒子作为催化剂，这是甲烷氧化研究社区和催化研究社区所强调的。这些纳米粒子在温和条件下表现出高活性和选择性，能够生...
2025-01-08 01:35:47,084 - INFO - Executing direct chat with model: RAG
2025-01-08 01:35:47,084 - INFO - Sending chat request to http://localhost:8004/v1 with model RAG
2025-01-08 01:36:42,037 - INFO - HTTP Request: POST http://localhost:8004/v1/chat/completions "HTTP/1.0 200 OK"
2025-01-08 01:36:42,038 - INFO - Direct chat result: 甲烷选择性催化剂的设计计划

甲烷氧化研究社区和催化研究社区正在积极开发催化剂和工艺，将甲烷转化为甲醇和其他有价值的产物，重点在于选择性和效率。选择性催化剂的设计计划如下总结：

## 关键催化剂及其...
2025-01-08 01:40:22,981 - INFO - Executing direct chat with model: RAG
2025-01-08 01:40:22,981 - INFO - Sending chat request to http://localhost:8004/v1 with model RAG
2025-01-08 01:41:10,546 - INFO - HTTP Request: POST http://localhost:8004/v1/chat/completions "HTTP/1.0 200 OK"
2025-01-08 01:41:10,548 - INFO - Direct chat result: 设计甲烷选择性氧化制甲醇催化剂的关键见解

### 使用贵金属和金属氧化物

研究社区已经确定了Au–Pd纳米颗粒作为在温和条件下从甲烷生成含氧产物的催化剂，具有内在的活性和选择性。这些纳米颗粒是实现...
2025-01-08 01:43:30,679 - INFO - Executing direct chat with model: RAG
2025-01-08 01:43:30,679 - INFO - Sending chat request to http://localhost:8004/v1 with model RAG
2025-01-08 01:44:00,533 - INFO - HTTP Request: POST http://localhost:8004/v1/chat/completions "HTTP/1.0 200 OK"
2025-01-08 01:44:00,534 - INFO - Direct chat result: 设计用于选择性氧化甲烷的催化剂涉及选择具有高选择性的金属氧化物（如钯或金）并将其负载在稳定的基底上（如氧化铝或二氧化硅）。优化颗粒尺寸和分散度、引入铁或铜等修饰剂以及使用受控实验条件都是提高催化剂效率...
2025-01-08 01:53:59,804 - INFO - Executing direct chat with model: RAG
2025-01-08 01:53:59,804 - INFO - Sending chat request to http://localhost:8004/v1 with model RAG
2025-01-08 01:54:33,606 - INFO - HTTP Request: POST http://localhost:8004/v1/chat/completions "HTTP/1.0 200 OK"
2025-01-08 01:54:33,608 - INFO - Direct chat result: 选择性甲烷氧化是一个关键过程，可以将甲烷（天然气的主要成分）转化为有价值的化学品如甲醇或醋酸。这些化学品在各个工业领域中有广泛的应用，因此该过程在经济和环境方面都具有重要意义。

### 关键点和影响...
2025-01-08 01:55:42,167 - INFO - Executing direct chat with model: RAG
2025-01-08 01:55:42,167 - INFO - Sending chat request to http://localhost:8004/v1 with model RAG
2025-01-08 01:56:04,466 - INFO - HTTP Request: POST http://localhost:8004/v1/chat/completions "HTTP/1.0 200 OK"
2025-01-08 01:56:04,468 - INFO - Direct chat result: ### 甲烷到甲醇反应的安全问题

根据分析师的报告，甲烷到甲醇的反应确实存在一些需要谨慎处理的安全问题。以下是识别出的关键点：

1. **小心处理氧气：**
   - 甲烷的部分氧化反应需要氧气的...
2025-01-08 01:57:45,481 - INFO - Executing direct chat with model: RAG
2025-01-08 01:57:45,481 - INFO - Sending chat request to http://localhost:8004/v1 with model RAG
2025-01-08 01:58:18,042 - INFO - HTTP Request: POST http://localhost:8004/v1/chat/completions "HTTP/1.0 200 OK"
2025-01-08 01:58:18,043 - INFO - Direct chat result: 甲烷选择性氧化的安全风险及缓解策略摘要

## 可燃性和过度氧化

甲烷选择性氧化反应涉及将甲烷转化为有价值的产物，但同时也带来了显著的安全风险。甲烷本身具有可燃性，而选择性氧化可能导致过度氧化，产生...
2025-01-13 23:56:46,474 - INFO - Successfully loaded entity_df from ./indexing/output/20250102-202128/artifacts/create_final_nodes.parquet
2025-01-13 23:56:46,475 - WARNING - No matching file found for relationship_df in ./indexing/output/20250102-202128/artifacts. Initializing as an empty DataFrame.
2025-01-13 23:56:46,478 - INFO - Successfully loaded text_unit_df from ./indexing/output/20250102-202128/artifacts/create_final_text_units.parquet
2025-01-13 23:56:46,478 - WARNING - No matching file found for report_df in ./indexing/output/20250102-202128/artifacts. Initializing as an empty DataFrame.
2025-01-13 23:56:46,478 - WARNING - No matching file found for covariate_df in ./indexing/output/20250102-202128/artifacts. Initializing as an empty DataFrame.
2025-01-13 23:56:46,483 - INFO - Fetching models...
2025-01-13 23:56:46,486 - INFO - Raw API response: <!DOCTYPE HTML>
<html lang="en">
    <head>
        <meta charset="utf-8">
        <title>Error response</title>
    </head>
    <body>
        <h1>Error response</h1>
        <p>Error code: 501</p>
        <p>Message: Unsupported method ('GET').</p>
        <p>Error code explanation: 501 - Server does not support this operation.</p>
    </body>
</html>

2025-01-13 23:56:46,486 - ERROR - Error fetching openai_chat models. Status code: 501, Response: <!DOCTYPE HTML>
<html lang="en">
    <head>
        <meta charset="utf-8">
        <title>Error response</title>
    </head>
    <body>
        <h1>Error response</h1>
        <p>Error code: 501</p>
        <p>Message: Unsupported method ('GET').</p>
        <p>Error code explanation: 501 - Server does not support this operation.</p>
    </body>
</html>

2025-01-13 23:56:46,947 - INFO - Successfully loaded entity_df from ./indexing/output/20250102-202128/artifacts/create_final_nodes.parquet
2025-01-13 23:56:46,947 - WARNING - No matching file found for relationship_df in ./indexing/output/20250102-202128/artifacts. Initializing as an empty DataFrame.
2025-01-13 23:56:46,949 - INFO - Successfully loaded text_unit_df from ./indexing/output/20250102-202128/artifacts/create_final_text_units.parquet
2025-01-13 23:56:46,949 - WARNING - No matching file found for report_df in ./indexing/output/20250102-202128/artifacts. Initializing as an empty DataFrame.
2025-01-13 23:56:46,949 - WARNING - No matching file found for covariate_df in ./indexing/output/20250102-202128/artifacts. Initializing as an empty DataFrame.
2025-01-13 23:56:47,025 - INFO - HTTP Request: GET http://127.0.0.1:7860/gradio_api/startup-events "HTTP/1.1 200 OK"
2025-01-13 23:56:47,049 - INFO - HTTP Request: HEAD http://127.0.0.1:7860/ "HTTP/1.1 200 OK"
2025-01-13 23:56:47,591 - INFO - HTTP Request: GET https://api.gradio.app/pkg-version "HTTP/1.1 200 OK"
2025-01-13 23:56:47,852 - INFO - HTTP Request: GET https://api.gradio.app/v3/tunnel-request "HTTP/1.1 200 OK"
2025-01-13 23:58:02,608 - INFO - Executing direct chat with model: RAG
2025-01-13 23:58:02,609 - INFO - Sending chat request to http://localhost:8004/v1 with model RAG
2025-01-14 00:01:02,732 - INFO - Retrying request to /chat/completions in 0.397698 seconds
2025-01-14 00:04:03,209 - INFO - Retrying request to /chat/completions in 0.989598 seconds
2025-01-14 00:07:04,301 - ERROR - Error in chat_with_llm: Request timed out.
2025-01-14 00:07:04,301 - ERROR - Attempted with model: RAG, api_base: http://localhost:8004/v1
2025-01-14 00:07:04,301 - ERROR - Error in chat_with_llm: Chat request failed: Request timed out.
2025-01-14 00:07:04,301 - ERROR - An error occurred: Direct chat failed: Chat request failed: Request timed out.
2025-01-14 00:07:04,301 - ERROR - Exception details:
Traceback (most recent call last):
  File "/home/ps/anaconda3/envs/graphrag-local/lib/python3.11/site-packages/httpx/_transports/default.py", line 72, in map_httpcore_exceptions
    yield
  File "/home/ps/anaconda3/envs/graphrag-local/lib/python3.11/site-packages/httpx/_transports/default.py", line 236, in handle_request
    resp = self._pool.handle_request(req)
           ^^^^^^^^^^^^^^^^^^^^^^^^^^^^^^
  File "/home/ps/anaconda3/envs/graphrag-local/lib/python3.11/site-packages/httpcore/_sync/connection_pool.py", line 256, in handle_request
    raise exc from None
  File "/home/ps/anaconda3/envs/graphrag-local/lib/python3.11/site-packages/httpcore/_sync/connection_pool.py", line 236, in handle_request
    response = connection.handle_request(
               ^^^^^^^^^^^^^^^^^^^^^^^^^^
  File "/home/ps/anaconda3/envs/graphrag-local/lib/python3.11/site-packages/httpcore/_sync/connection.py", line 103, in handle_request
    return self._connection.handle_request(request)
           ^^^^^^^^^^^^^^^^^^^^^^^^^^^^^^^^^^^^^^^^
  File "/home/ps/anaconda3/envs/graphrag-local/lib/python3.11/site-packages/httpcore/_sync/http11.py", line 136, in handle_request
    raise exc
  File "/home/ps/anaconda3/envs/graphrag-local/lib/python3.11/site-packages/httpcore/_sync/http11.py", line 106, in handle_request
    ) = self._receive_response_headers(**kwargs)
        ^^^^^^^^^^^^^^^^^^^^^^^^^^^^^^^^^^^^^^^^
  File "/home/ps/anaconda3/envs/graphrag-local/lib/python3.11/site-packages/httpcore/_sync/http11.py", line 177, in _receive_response_headers
    event = self._receive_event(timeout=timeout)
            ^^^^^^^^^^^^^^^^^^^^^^^^^^^^^^^^^^^^
  File "/home/ps/anaconda3/envs/graphrag-local/lib/python3.11/site-packages/httpcore/_sync/http11.py", line 217, in _receive_event
    data = self._network_stream.read(
           ^^^^^^^^^^^^^^^^^^^^^^^^^^
  File "/home/ps/anaconda3/envs/graphrag-local/lib/python3.11/site-packages/httpcore/_backends/sync.py", line 126, in read
    with map_exceptions(exc_map):
  File "/home/ps/anaconda3/envs/graphrag-local/lib/python3.11/contextlib.py", line 158, in __exit__
    self.gen.throw(typ, value, traceback)
  File "/home/ps/anaconda3/envs/graphrag-local/lib/python3.11/site-packages/httpcore/_exceptions.py", line 14, in map_exceptions
    raise to_exc(exc) from exc
httpcore.ReadTimeout: timed out

The above exception was the direct cause of the following exception:

Traceback (most recent call last):
  File "/home/ps/anaconda3/envs/graphrag-local/lib/python3.11/site-packages/openai/_base_client.py", line 993, in _request
    response = self._client.send(
               ^^^^^^^^^^^^^^^^^^
  File "/home/ps/anaconda3/envs/graphrag-local/lib/python3.11/site-packages/httpx/_client.py", line 926, in send
    response = self._send_handling_auth(
               ^^^^^^^^^^^^^^^^^^^^^^^^^
  File "/home/ps/anaconda3/envs/graphrag-local/lib/python3.11/site-packages/httpx/_client.py", line 954, in _send_handling_auth
    response = self._send_handling_redirects(
               ^^^^^^^^^^^^^^^^^^^^^^^^^^^^^^
  File "/home/ps/anaconda3/envs/graphrag-local/lib/python3.11/site-packages/httpx/_client.py", line 991, in _send_handling_redirects
    response = self._send_single_request(request)
               ^^^^^^^^^^^^^^^^^^^^^^^^^^^^^^^^^^
  File "/home/ps/anaconda3/envs/graphrag-local/lib/python3.11/site-packages/httpx/_client.py", line 1027, in _send_single_request
    response = transport.handle_request(request)
               ^^^^^^^^^^^^^^^^^^^^^^^^^^^^^^^^^
  File "/home/ps/anaconda3/envs/graphrag-local/lib/python3.11/site-packages/httpx/_transports/default.py", line 235, in handle_request
    with map_httpcore_exceptions():
  File "/home/ps/anaconda3/envs/graphrag-local/lib/python3.11/contextlib.py", line 158, in __exit__
    self.gen.throw(typ, value, traceback)
  File "/home/ps/anaconda3/envs/graphrag-local/lib/python3.11/site-packages/httpx/_transports/default.py", line 89, in map_httpcore_exceptions
    raise mapped_exc(message) from exc
httpx.ReadTimeout: timed out

The above exception was the direct cause of the following exception:

Traceback (most recent call last):
  File "/mnt/nvme0n1/GraphRAG-Local/GraphRAG-Local-UI-main/app.py", line 335, in chat_with_llm
    response = client.chat.completions.create(
               ^^^^^^^^^^^^^^^^^^^^^^^^^^^^^^^
  File "/home/ps/anaconda3/envs/graphrag-local/lib/python3.11/site-packages/openai/_utils/_utils.py", line 275, in wrapper
    return func(*args, **kwargs)
           ^^^^^^^^^^^^^^^^^^^^^
  File "/home/ps/anaconda3/envs/graphrag-local/lib/python3.11/site-packages/openai/resources/chat/completions.py", line 859, in create
    return self._post(
           ^^^^^^^^^^^
  File "/home/ps/anaconda3/envs/graphrag-local/lib/python3.11/site-packages/openai/_base_client.py", line 1280, in post
    return cast(ResponseT, self.request(cast_to, opts, stream=stream, stream_cls=stream_cls))
                           ^^^^^^^^^^^^^^^^^^^^^^^^^^^^^^^^^^^^^^^^^^^^^^^^^^^^^^^^^^^^^^^^^
  File "/home/ps/anaconda3/envs/graphrag-local/lib/python3.11/site-packages/openai/_base_client.py", line 957, in request
    return self._request(
           ^^^^^^^^^^^^^^
  File "/home/ps/anaconda3/envs/graphrag-local/lib/python3.11/site-packages/openai/_base_client.py", line 1002, in _request
    return self._retry_request(
           ^^^^^^^^^^^^^^^^^^^^
  File "/home/ps/anaconda3/envs/graphrag-local/lib/python3.11/site-packages/openai/_base_client.py", line 1095, in _retry_request
    return self._request(
           ^^^^^^^^^^^^^^
  File "/home/ps/anaconda3/envs/graphrag-local/lib/python3.11/site-packages/openai/_base_client.py", line 1002, in _request
    return self._retry_request(
           ^^^^^^^^^^^^^^^^^^^^
  File "/home/ps/anaconda3/envs/graphrag-local/lib/python3.11/site-packages/openai/_base_client.py", line 1095, in _retry_request
    return self._request(
           ^^^^^^^^^^^^^^
  File "/home/ps/anaconda3/envs/graphrag-local/lib/python3.11/site-packages/openai/_base_client.py", line 1012, in _request
    raise APITimeoutError(request=request) from err
openai.APITimeoutError: Request timed out.

During handling of the above exception, another exception occurred:

Traceback (most recent call last):
  File "/mnt/nvme0n1/GraphRAG-Local/GraphRAG-Local-UI-main/app.py", line 406, in send_message
    result = chat_with_llm(query, history, system_message, temperature, max_tokens, llm_model, api_base)
             ^^^^^^^^^^^^^^^^^^^^^^^^^^^^^^^^^^^^^^^^^^^^^^^^^^^^^^^^^^^^^^^^^^^^^^^^^^^^^^^^^^^^^^^^^^^
  File "/mnt/nvme0n1/GraphRAG-Local/GraphRAG-Local-UI-main/app.py", line 346, in chat_with_llm
    raise RuntimeError(f"Chat request failed: {str(e)}")
RuntimeError: Chat request failed: Request timed out.

During handling of the above exception, another exception occurred:

Traceback (most recent call last):
  File "/mnt/nvme0n1/GraphRAG-Local/GraphRAG-Local-UI-main/app.py", line 412, in send_message
    raise RuntimeError(f"Direct chat failed: {str(chat_error)}")
RuntimeError: Direct chat failed: Chat request failed: Request timed out.
2025-01-14 12:22:54,221 - INFO - Successfully loaded entity_df from ./indexing/output/20250102-202128/artifacts/create_final_nodes.parquet
2025-01-14 12:22:54,222 - WARNING - No matching file found for relationship_df in ./indexing/output/20250102-202128/artifacts. Initializing as an empty DataFrame.
2025-01-14 12:22:54,225 - INFO - Successfully loaded text_unit_df from ./indexing/output/20250102-202128/artifacts/create_final_text_units.parquet
2025-01-14 12:22:54,225 - WARNING - No matching file found for report_df in ./indexing/output/20250102-202128/artifacts. Initializing as an empty DataFrame.
2025-01-14 12:22:54,226 - WARNING - No matching file found for covariate_df in ./indexing/output/20250102-202128/artifacts. Initializing as an empty DataFrame.
2025-01-14 12:22:54,230 - INFO - Fetching models...
2025-01-14 12:22:54,232 - ERROR - Exception while fetching openai_chat models: HTTPConnectionPool(host='localhost', port=8004): Max retries exceeded with url: /v1/models (Caused by NewConnectionError('<urllib3.connection.HTTPConnection object at 0x78694c493350>: Failed to establish a new connection: [Errno 111] Connection refused'))
2025-01-14 12:22:54,662 - INFO - Successfully loaded entity_df from ./indexing/output/20250102-202128/artifacts/create_final_nodes.parquet
2025-01-14 12:22:54,662 - WARNING - No matching file found for relationship_df in ./indexing/output/20250102-202128/artifacts. Initializing as an empty DataFrame.
2025-01-14 12:22:54,664 - INFO - Successfully loaded text_unit_df from ./indexing/output/20250102-202128/artifacts/create_final_text_units.parquet
2025-01-14 12:22:54,664 - WARNING - No matching file found for report_df in ./indexing/output/20250102-202128/artifacts. Initializing as an empty DataFrame.
2025-01-14 12:22:54,665 - WARNING - No matching file found for covariate_df in ./indexing/output/20250102-202128/artifacts. Initializing as an empty DataFrame.
2025-01-14 12:22:54,739 - INFO - HTTP Request: GET http://127.0.0.1:7860/gradio_api/startup-events "HTTP/1.1 200 OK"
2025-01-14 12:22:54,762 - INFO - HTTP Request: HEAD http://127.0.0.1:7860/ "HTTP/1.1 200 OK"
2025-01-14 12:22:55,296 - INFO - HTTP Request: GET https://api.gradio.app/pkg-version "HTTP/1.1 200 OK"
2025-01-14 12:22:55,717 - INFO - HTTP Request: GET https://api.gradio.app/v3/tunnel-request "HTTP/1.1 200 OK"
2025-01-14 12:25:34,881 - INFO - Executing direct chat with model: RAG
2025-01-14 12:25:34,881 - INFO - Sending chat request to http://localhost:8004/v1 with model RAG
2025-01-14 12:26:41,540 - INFO - HTTP Request: POST http://localhost:8004/v1/chat/completions "HTTP/1.0 200 OK"
2025-01-14 12:26:41,545 - INFO - Direct chat result: ### 书的主题

本书的核心主题是绿色催化选择性氧化，强调开发将甲烷和其他烷烃转化为甲醇和甲酸等有价值的化学品的环保方法，同时尽量减少二氧化碳和其他温室气体的产生。这一主题在可持续化学的背景下至关重...
2025-01-14 12:54:16,786 - INFO - Executing direct chat with model: RAG
2025-01-14 12:54:16,786 - INFO - Sending chat request to http://localhost:8004/v1 with model RAG
2025-01-14 12:54:39,490 - INFO - HTTP Request: POST http://localhost:8004/v1/chat/completions "HTTP/1.0 200 OK"
2025-01-14 12:54:39,492 - INFO - Direct chat result: # 多氧金属酸盐（POMs）分析师报告概要

## 多氧金属酸盐概述
多氧金属酸盐（POMs）是由早期过渡金属和氧原子构成的无机化合物，形成三维金属-氧簇。它们以其结构多样性、氧化还原性质和催化活性而...
2025-01-14 12:57:40,041 - INFO - Executing direct chat with model: RAG
2025-01-14 12:57:40,041 - INFO - Sending chat request to http://localhost:8004/v1 with model RAG
2025-01-14 12:58:06,645 - INFO - HTTP Request: POST http://localhost:8004/v1/chat/completions "HTTP/1.0 200 OK"
2025-01-14 12:58:06,646 - INFO - Direct chat result: ### 多金属氧酸盐(POMs)的概述与应用

多金属氧酸盐(POMs)是一类含有多个金属原子和氧原子的阴离子化合物，通常以多面体结构存在。根据提供的信息，POMs在催化有机反应中表现出了显著的活性，...
2025-01-14 12:59:11,651 - INFO - Executing direct chat with model: RAG
2025-01-14 12:59:11,652 - INFO - Sending chat request to http://localhost:8004/v1 with model RAG
2025-01-14 12:59:31,585 - INFO - HTTP Request: POST http://localhost:8004/v1/chat/completions "HTTP/1.0 200 OK"
2025-01-14 12:59:31,587 - INFO - Direct chat result: # 多氧金属酸盐（POMs）分析师报告摘要

## POMs概述
多氧金属酸盐（POMs）是由多个金属原子通过氧原子连接形成的大而复杂的阴离子的无机化合物。这些化合物表现出多种催化性能，这归因于其可调...
2025-01-14 13:02:23,776 - INFO - Executing direct chat with model: RAG
2025-01-14 13:02:23,777 - INFO - Sending chat request to http://localhost:8004/v1 with model RAG
2025-01-14 13:02:47,357 - INFO - HTTP Request: POST http://localhost:8004/v1/chat/completions "HTTP/1.0 200 OK"
2025-01-14 13:02:47,359 - INFO - Direct chat result: ### Lindqvist 铌-POM 催化剂的特性与应用

Lindqvist 铌-POM（铌多聚氧杂茂）是一种有效的催化剂，在温和条件下用于选择性环氧化烯烃的反应。这种催化剂的独特之处在于其能够在...
2025-01-14 13:04:52,929 - INFO - Executing direct chat with model: RAG
2025-01-14 13:04:52,929 - INFO - Sending chat request to http://localhost:8004/v1 with model RAG
2025-01-14 13:05:11,898 - INFO - HTTP Request: POST http://localhost:8004/v1/chat/completions "HTTP/1.0 200 OK"
2025-01-14 13:05:11,899 - INFO - Direct chat result: 林德奎斯特Nb-POM催化剂作为氧化剂表现出很高的效率，在温和条件下可实现超过90%的转化率。这一高效率很重要，因为它表明催化剂可以在不需要苛刻反应条件的情况下有效氧化底物，这有利于减少能耗并最小化副...
2025-01-14 13:08:30,163 - INFO - Executing direct chat with model: RAG
2025-01-14 13:08:30,163 - INFO - Sending chat request to http://localhost:8004/v1 with model RAG
2025-01-14 13:08:41,157 - INFO - HTTP Request: POST http://localhost:8004/v1/chat/completions "HTTP/1.0 200 OK"
2025-01-14 13:08:41,158 - INFO - Direct chat result: 对不起，我无法回答那个问题。...
2025-01-14 13:10:46,542 - INFO - Executing direct chat with model: RAG
2025-01-14 13:10:46,543 - INFO - Sending chat request to http://localhost:8004/v1 with model RAG
2025-01-14 13:11:08,227 - INFO - HTTP Request: POST http://localhost:8004/v1/chat/completions "HTTP/1.0 200 OK"
2025-01-14 13:11:08,228 - INFO - Direct chat result: # 环氧化反应和裂解途径概述

## 关键点

- **能量障碍**：
  - 过氧化氢（H₂O₂）中的O-O键的异裂估计能量障碍约为75 kcal/mol。
  - 同样的键在H₂O₂中的均裂的能量...
2025-01-14 13:11:50,197 - INFO - Executing direct chat with model: RAG
2025-01-14 13:11:50,197 - INFO - Sending chat request to http://localhost:8004/v1 with model RAG
2025-01-14 13:12:01,585 - INFO - HTTP Request: POST http://localhost:8004/v1/chat/completions "HTTP/1.0 200 OK"
2025-01-14 13:12:01,587 - INFO - Direct chat result: 对不起，我无法提供那个问题的答案。...
2025-01-14 13:13:03,879 - ERROR - An error occurred: No folder selected. Please select an output folder before querying.
2025-01-14 13:13:03,879 - ERROR - Exception details:
Traceback (most recent call last):
  File "/mnt/nvme0n1/GraphRAG-Local/GraphRAG-Local-UI-main/app.py", line 395, in send_message
    cli_args = construct_cli_args(query_type, preset, community_level, response_type, custom_cli_args, query, selected_folder)
               ^^^^^^^^^^^^^^^^^^^^^^^^^^^^^^^^^^^^^^^^^^^^^^^^^^^^^^^^^^^^^^^^^^^^^^^^^^^^^^^^^^^^^^^^^^^^^^^^^^^^^^^^^^^^^^^
  File "/mnt/nvme0n1/GraphRAG-Local/GraphRAG-Local-UI-main/app.py", line 425, in construct_cli_args
    raise ValueError("No folder selected. Please select an output folder before querying.")
ValueError: No folder selected. Please select an output folder before querying.
2025-01-14 13:13:10,510 - INFO - Executing direct chat with model: RAG
2025-01-14 13:13:10,510 - INFO - Sending chat request to http://localhost:8004/v1 with model RAG
2025-01-14 13:13:36,439 - INFO - HTTP Request: POST http://localhost:8004/v1/chat/completions "HTTP/1.0 200 OK"
2025-01-14 13:13:36,440 - INFO - Direct chat result: ### 环氧化反应总结：均裂与异裂路径

在环氧化反应中，过氧化物的O-O键通过均裂还是异裂断裂会显著影响反应的能量壁垒和整体可行性。由于异裂路径的能量需求较低，因此更受青睐。

#### 异裂路径
...
2025-01-14 13:14:58,128 - INFO - Executing direct chat with model: RAG
2025-01-14 13:14:58,128 - INFO - Sending chat request to http://localhost:8004/v1 with model RAG
2025-01-14 13:15:21,675 - INFO - HTTP Request: POST http://localhost:8004/v1/chat/completions "HTTP/1.0 200 OK"
2025-01-14 13:15:21,676 - INFO - Direct chat result: 关于多氧金属酸盐（POMs）催化CEES氧化的分析师报告摘要

## 主要发现

### 高选择性和效率
多氧金属酸盐（POMs），特别是磷钨酸（H₃PW₁₂O₄₀），已被发现能有效催化2-氯乙基乙基...
2025-01-14 13:16:47,824 - INFO - Executing direct chat with model: RAG
2025-01-14 13:16:47,824 - INFO - Sending chat request to http://localhost:8004/v1 with model RAG
2025-01-14 13:17:13,318 - INFO - HTTP Request: POST http://localhost:8004/v1/chat/completions "HTTP/1.0 200 OK"
2025-01-14 13:17:13,319 - INFO - Direct chat result: ### 2-氯乙基乙硫醚（CEES）的聚氧化金属酸盐（POMs）选择性氧化

聚氧化金属酸盐（POMs）因其独特的氧化还原性质和酸性位点而闻名，这些性质使它们能够选择性地将2-氯乙基乙硫醚（CEES）...
2025-01-14 13:17:14,837 - INFO - Executing direct chat with model: RAG
2025-01-14 13:17:14,837 - INFO - Sending chat request to http://localhost:8004/v1 with model RAG
2025-01-14 13:17:42,186 - INFO - HTTP Request: POST http://localhost:8004/v1/chat/completions "HTTP/1.0 200 OK"
2025-01-14 13:17:42,187 - INFO - Direct chat result: 聚金属氧酸盐（POMs），特别是硅钨酸（H4SiW12O40），表现出独特的基本性质和氧化特性，使其能够选择性地将2-氯乙基乙硫醚（CEES）氧化为2-氯乙基乙基亚砜。这些性质主要归因于它们可调节的氧...
2025-01-14 13:19:59,213 - INFO - Executing direct chat with model: RAG
2025-01-14 13:19:59,213 - INFO - Sending chat request to http://localhost:8004/v1 with model RAG
2025-01-14 13:20:27,935 - INFO - HTTP Request: POST http://localhost:8004/v1/chat/completions "HTTP/1.0 200 OK"
2025-01-14 13:20:27,937 - INFO - Direct chat result: ### 多氧金属酸盐（POMs）的催化效率结构特征

多氧金属酸盐（POMs）因其独特的结构特性而被熟知，能够催化各种反应。特别是Keggin型POMs，如磷钼酸（H3PMo12O40），在水解和基于...
2025-01-14 13:22:38,765 - INFO - Executing direct chat with model: RAG
2025-01-14 13:22:38,765 - INFO - Sending chat request to http://localhost:8004/v1 with model RAG
2025-01-14 13:23:06,688 - INFO - HTTP Request: POST http://localhost:8004/v1/chat/completions "HTTP/1.0 200 OK"
2025-01-14 13:23:06,689 - INFO - Direct chat result: ### 金属交换沸石催化剂循环气相氧化甲烷的概述

使用金属交换沸石催化剂（如铜交换沸石）进行甲烷循环气相氧化的过程是一个两步反应循环，旨在连续生产甲醇。以下是该过程的关键阶段和影响的详细分解：

#...
2025-01-14 13:27:12,250 - INFO - Executing direct chat with model: RAG
2025-01-14 13:27:12,250 - INFO - Sending chat request to http://localhost:8004/v1 with model RAG
2025-01-14 13:27:34,524 - INFO - HTTP Request: POST http://localhost:8004/v1/chat/completions "HTTP/1.0 200 OK"
2025-01-14 13:27:34,525 - INFO - Direct chat result: ### Fe-ZSM-5 催化剂在甲烷转化为甲醇中的性能总结

Fe-ZSM-5 催化剂用于将甲烷氧化为甲醇，使用N2O作为氧化剂。这一过程通常在特定的条件下进行，温度范围在200-300°C，压力在...
2025-01-14 13:29:59,806 - INFO - Executing direct chat with model: RAG
2025-01-14 13:29:59,807 - INFO - Sending chat request to http://localhost:8004/v1 with model RAG
2025-01-14 13:30:24,476 - INFO - HTTP Request: POST http://localhost:8004/v1/chat/completions "HTTP/1.0 200 OK"
2025-01-14 13:30:24,477 - INFO - Direct chat result: ### 数据集中的氧化剂转化率总结

数据集表明，在各种氧化反应中，过氧化氢（H₂O₂）和一氧化二氮（N₂O）的转化率高于分子氧（O₂），这主要是由于它们更强的氧化能力和更有效地参与氧化还原反应。

...
2025-01-14 13:32:09,815 - INFO - Executing direct chat with model: RAG
2025-01-14 13:32:09,815 - INFO - Sending chat request to http://localhost:8004/v1 with model RAG
2025-01-14 13:32:36,309 - INFO - HTTP Request: POST http://localhost:8004/v1/chat/completions "HTTP/1.0 200 OK"
2025-01-14 13:32:36,311 - INFO - Direct chat result: Cu改性的ZSM-5和莫来石(MOR)催化剂已被发现可以模仿sMMO的一些催化活性，包括氧还原和氮固定。这些发现突显了这些催化剂在工业应用中的潜力，特别是在需要sMMO类似催化功能的情况下。然而，这些...
2025-01-14 13:37:15,301 - INFO - Executing direct chat with model: RAG
2025-01-14 13:37:15,301 - INFO - Sending chat request to http://localhost:8004/v1 with model RAG
2025-01-14 13:37:40,691 - INFO - HTTP Request: POST http://localhost:8004/v1/chat/completions "HTTP/1.0 200 OK"
2025-01-14 13:37:40,693 - INFO - Direct chat result: 关于烷烃氧化中的催化活性概览

## 催化效率概述

非过渡金属复合物，尤其是含有铝、镓和铍的复合物，在烷烃氧化中的催化活性明显低于过渡金属复合物。这种差异主要是由于非过渡金属在催化过程中的内在限制。...
2025-01-14 13:41:02,499 - INFO - Executing direct chat with model: RAG
2025-01-14 13:41:02,500 - INFO - Sending chat request to http://localhost:8004/v1 with model RAG
2025-01-14 13:41:35,144 - INFO - HTTP Request: POST http://localhost:8004/v1/chat/completions "HTTP/1.0 200 OK"
2025-01-14 13:41:35,145 - INFO - Direct chat result: ### 氢碳化合物通过[M(H2O)n]3+类型水合复合物催化的氧化机制概要

氢碳化合物通过[M(H2O)n]3+类型水合复合物催化的氧化是一个重要的化学反应过程。这一机制主要涉及复合物中的金属中心...
2025-01-14 13:44:38,067 - INFO - Executing direct chat with model: RAG
2025-01-14 13:44:38,068 - INFO - Sending chat request to http://localhost:8004/v1 with model RAG
2025-01-14 13:45:03,491 - INFO - HTTP Request: POST http://localhost:8004/v1/chat/completions "HTTP/1.0 200 OK"
2025-01-14 13:45:03,492 - INFO - Direct chat result: ### 超临界流体在化学反应中的概述

超临界流体，特别是超临界二氧化碳（sc-CO2），因其在各种化学过程中的绿色溶剂潜力而广受认可。这种认可是由于它们独特的性质和与传统溶剂相比减少环境影响的能力。...
2025-01-14 13:47:01,140 - INFO - Executing direct chat with model: RAG
2025-01-14 13:47:01,140 - INFO - Sending chat request to http://localhost:8004/v1 with model RAG
2025-01-14 13:47:29,452 - INFO - HTTP Request: POST http://localhost:8004/v1/chat/completions "HTTP/1.0 200 OK"
2025-01-14 13:47:29,453 - INFO - Direct chat result: 超临界二氧化碳（scCO₂）的特性及其在绿色化学中的应用概要

## 超临界二氧化碳的关键特性
超临界二氧化碳（scCO₂）是一种溶剂，因其独特的物理性质组合而被认可：
- **高扩散率**：促进快速...
2025-01-14 13:49:06,086 - INFO - Executing direct chat with model: RAG
2025-01-14 13:49:06,086 - INFO - Sending chat request to http://localhost:8004/v1 with model RAG
2025-01-14 13:49:26,755 - INFO - HTTP Request: POST http://localhost:8004/v1/chat/completions "HTTP/1.0 200 OK"
2025-01-14 13:49:26,757 - INFO - Direct chat result: 钼(VI)氧化物复合物作为超临界二氧化碳催化剂的分析报告概要

钼(VI)氧化物复合物已被确认为各种化学反应的有效催化剂，特别是在超临界二氧化碳（CO2）环境下进行的烯烃环氧化和醛氧化反应中。超临界C...
2025-01-14 13:52:00,722 - INFO - Executing direct chat with model: RAG
2025-01-14 13:52:00,722 - INFO - Sending chat request to http://localhost:8004/v1 with model RAG
2025-01-14 13:52:23,007 - INFO - HTTP Request: POST http://localhost:8004/v1/chat/completions "HTTP/1.0 200 OK"
2025-01-14 13:52:23,008 - INFO - Direct chat result: # 离子液体在化学反应中的优势概述

## 广泛的液态范围和高热稳定性

离子液体提供了一个广泛的液态范围和高热稳定性，可以在高达300°C的温度下运行。这一温度能力明显高于传统有机溶剂，为需要高温的...
2025-01-14 13:54:19,211 - INFO - Executing direct chat with model: RAG
2025-01-14 13:54:19,211 - INFO - Sending chat request to http://localhost:8004/v1 with model RAG
2025-01-14 13:54:39,437 - INFO - HTTP Request: POST http://localhost:8004/v1/chat/completions "HTTP/1.0 200 OK"
2025-01-14 13:54:39,439 - INFO - Direct chat result: 离子液体对Pt/C-多聚偏磷酸催化剂在液相环己烷氧化中的效率影响

研究表明，在液相环己烷氧化过程中，离子液体的存在可以提高Pt/C-多聚偏磷酸催化剂的整体催化活性，从而显著提高该过程的转化率和选择性...
2025-01-14 13:57:52,320 - INFO - Executing direct chat with model: RAG
2025-01-14 13:57:52,320 - INFO - Sending chat request to http://localhost:8004/v1 with model RAG
2025-01-14 13:58:13,153 - INFO - HTTP Request: POST http://localhost:8004/v1/chat/completions "HTTP/1.0 200 OK"
2025-01-14 13:58:13,154 - INFO - Direct chat result: # 氯化铑（RhCl）在偶联氧化反应中的有效性总结

## 引言
氯化铑（RhCl）在全氟羧酸中含水的偶联氧化反应中烷烃和一氧化碳的有效性已被注意。然而，提供的数据集中不包括有关RhCl在这些反应中的...
2025-01-14 14:00:00,423 - INFO - Executing direct chat with model: RAG
2025-01-14 14:00:00,423 - INFO - Sending chat request to http://localhost:8004/v1 with model RAG
2025-01-14 14:00:12,221 - INFO - HTTP Request: POST http://localhost:8004/v1/chat/completions "HTTP/1.0 200 OK"
2025-01-14 14:00:12,222 - INFO - Direct chat result: 对不起，我无法提供那个问题的答案。...
2025-01-14 14:01:14,968 - INFO - Executing direct chat with model: RAG
2025-01-14 14:01:14,968 - INFO - Sending chat request to http://localhost:8004/v1 with model RAG
2025-01-14 14:01:26,850 - INFO - HTTP Request: POST http://localhost:8004/v1/chat/completions "HTTP/1.0 200 OK"
2025-01-14 14:01:26,851 - INFO - Direct chat result: 对不起，我无法提供那个问题的答案。...
2025-01-14 14:01:36,782 - INFO - Executing direct chat with model: RAG
2025-01-14 14:01:36,782 - INFO - Sending chat request to http://localhost:8004/v1 with model RAG
2025-01-14 14:01:51,460 - INFO - HTTP Request: POST http://localhost:8004/v1/chat/completions "HTTP/1.0 200 OK"
2025-01-14 14:01:51,461 - INFO - Direct chat result: 对不起，我无法回答那个问题。...
2025-01-14 14:04:05,949 - INFO - Executing direct chat with model: RAG
2025-01-14 14:04:05,949 - INFO - Sending chat request to http://localhost:8004/v1 with model RAG
2025-01-14 14:04:30,017 - INFO - HTTP Request: POST http://localhost:8004/v1/chat/completions "HTTP/1.0 200 OK"
2025-01-14 14:04:30,018 - INFO - Direct chat result: Rh-烷基中间体在烷烃和一氧化碳耦合氧化反应的内球机制中起着关键作用，通过稳定过渡态来提高整体反应效率和选择性。这些中间体促进了烷烃中的氢化物和烷基基团向金属中心的转移，使得一氧化碳随后能够插入，形成...
2025-01-14 14:07:01,027 - INFO - Executing direct chat with model: RAG
2025-01-14 14:07:01,027 - INFO - Sending chat request to http://localhost:8004/v1 with model RAG
2025-01-14 14:07:25,657 - INFO - HTTP Request: POST http://localhost:8004/v1/chat/completions "HTTP/1.0 200 OK"
2025-01-14 14:07:25,658 - INFO - Direct chat result: # 分析师关于离子液体和超临界流体的报告摘要

## 离子液体

离子液体是一类溶剂，由于其可调节的性质，能够溶解广泛的底物和金属催化剂。这一特性使得它们在均相催化中特别有用，而传统溶剂在这种情况下可...
2025-01-14 14:07:25,675 - ERROR - An error occurred: No folder selected. Please select an output folder before querying.
2025-01-14 14:07:25,676 - ERROR - Exception details:
Traceback (most recent call last):
  File "/mnt/nvme0n1/GraphRAG-Local/GraphRAG-Local-UI-main/app.py", line 395, in send_message
    cli_args = construct_cli_args(query_type, preset, community_level, response_type, custom_cli_args, query, selected_folder)
               ^^^^^^^^^^^^^^^^^^^^^^^^^^^^^^^^^^^^^^^^^^^^^^^^^^^^^^^^^^^^^^^^^^^^^^^^^^^^^^^^^^^^^^^^^^^^^^^^^^^^^^^^^^^^^^^
  File "/mnt/nvme0n1/GraphRAG-Local/GraphRAG-Local-UI-main/app.py", line 425, in construct_cli_args
    raise ValueError("No folder selected. Please select an output folder before querying.")
ValueError: No folder selected. Please select an output folder before querying.
2025-01-14 14:07:44,536 - INFO - Executing direct chat with model: RAG
2025-01-14 14:07:44,536 - INFO - Sending chat request to http://localhost:8004/v1 with model RAG
2025-01-14 14:08:07,034 - INFO - HTTP Request: POST http://localhost:8004/v1/chat/completions "HTTP/1.0 200 OK"
2025-01-14 14:08:07,035 - INFO - Direct chat result: # 金属催化剂溶解度增强技术概述

## 离子液体
离子液体具有独特的性质，使其能够高效地溶解各种有机和无机化合物，包括金属催化剂。它们的几乎可以忽略不计的蒸汽压和可调的溶剂化能力是提高金属纳米颗粒溶...
2025-07-28 05:31:41,424 - INFO - Successfully loaded entity_df from ./indexing/output/20250102-202128/artifacts/create_final_nodes.parquet
2025-07-28 05:31:41,424 - WARNING - No matching file found for relationship_df in ./indexing/output/20250102-202128/artifacts. Initializing as an empty DataFrame.
2025-07-28 05:31:41,428 - INFO - Successfully loaded text_unit_df from ./indexing/output/20250102-202128/artifacts/create_final_text_units.parquet
2025-07-28 05:31:41,428 - WARNING - No matching file found for report_df in ./indexing/output/20250102-202128/artifacts. Initializing as an empty DataFrame.
2025-07-28 05:31:41,428 - WARNING - No matching file found for covariate_df in ./indexing/output/20250102-202128/artifacts. Initializing as an empty DataFrame.
2025-07-28 05:31:41,433 - INFO - Fetching models...
2025-07-28 05:31:41,435 - ERROR - Exception while fetching openai_chat models: HTTPConnectionPool(host='localhost', port=8004): Max retries exceeded with url: /v1/models (Caused by NewConnectionError('<urllib3.connection.HTTPConnection object at 0x765526cab010>: Failed to establish a new connection: [Errno 111] Connection refused'))
2025-07-28 05:31:41,898 - INFO - Successfully loaded entity_df from ./indexing/output/20250102-202128/artifacts/create_final_nodes.parquet
2025-07-28 05:31:41,898 - WARNING - No matching file found for relationship_df in ./indexing/output/20250102-202128/artifacts. Initializing as an empty DataFrame.
2025-07-28 05:31:41,900 - INFO - Successfully loaded text_unit_df from ./indexing/output/20250102-202128/artifacts/create_final_text_units.parquet
2025-07-28 05:31:41,900 - WARNING - No matching file found for report_df in ./indexing/output/20250102-202128/artifacts. Initializing as an empty DataFrame.
2025-07-28 05:31:41,900 - WARNING - No matching file found for covariate_df in ./indexing/output/20250102-202128/artifacts. Initializing as an empty DataFrame.
2025-07-28 05:31:41,975 - INFO - HTTP Request: GET http://127.0.0.1:7860/gradio_api/startup-events "HTTP/1.1 200 OK"
2025-07-28 05:31:41,999 - INFO - HTTP Request: HEAD http://127.0.0.1:7860/ "HTTP/1.1 200 OK"
2025-07-28 05:41:55,374 - INFO - Executing command: python -m graphrag.index --root ./indexing
2025-07-28 05:44:13,510 - INFO - Executing command: python -m graphrag.index --root ./indexing
2025-07-28 05:46:33,385 - INFO - Executing command: python -m graphrag.index --root ./indexing
